Building Windows application...                                    48.2s
тИЪ Built build\windows\x64\runner\Release\ket_studio.exe
